C51 COMPILER V9.54   MAIN                                                                  10/19/2025 15:30:34 PAGE 1   


C51 COMPILER V9.54, COMPILATION OF MODULE MAIN
OBJECT MODULE PLACED IN .\Objects\main.obj
COMPILER INVOKED BY: D:\keil\C51\BIN\C51.EXE main.c OPTIMIZE(8,SPEED) BROWSE DEBUG OBJECTEXTEND PRINT(.\Listings\main.ls
                    -t) TABS(2) OBJECT(.\Objects\main.obj)

line level    source

   1          #include <STC89C5xRC.H>
   2          #include <tntrins.h>
*** WARNING C318 IN LINE 2 OF main.c: can't open file 'tntrins.h'
   3          void Delay(unsigned int xms)  //@11.0592MHz
   4          {
   5   1          while (xms)
   6   1      {
   7   2          
   8   2      
   9   2        unsigned char data i, j;
  10   2      
  11   2        _nop_();
  12   2        _nop_();
  13   2        _nop_();
  14   2        i = 11;
  15   2        j = 190;
  16   2        do
  17   2        {
  18   3          while (--j);
  19   3        } while (--i);
  20   2          xms--;
  21   2      }
  22   1      }
  23          int main()
  24          {
  25   1          while (1)
  26   1      {
  27   2          /* code */
  28   2      
  29   2      
  30   2      if(P31 == 0)
  31   2      {
  32   3           Delay(15);
  33   3           while (P31 ==  0);
  34   3           Delay(15);
  35   3           P20 = ~P20;
  36   3           //P20 = 0;
  37   3          
  38   3      
  39   3      
  40   3      }
  41   2      }
  42   1      
  43   1      }
  44          


MODULE INFORMATION:   STATIC OVERLAYABLE
   CODE SIZE        =     51    ----
   CONSTANT SIZE    =   ----    ----
   XDATA SIZE       =   ----    ----
   PDATA SIZE       =   ----    ----
   DATA SIZE        =   ----       2
   IDATA SIZE       =   ----    ----
C51 COMPILER V9.54   MAIN                                                                  10/19/2025 15:30:34 PAGE 2   

   BIT SIZE         =   ----    ----
END OF MODULE INFORMATION.


C51 COMPILATION COMPLETE.  1 WARNING(S),  0 ERROR(S)
