C51 COMPILER V9.54   MAIN                                                                  10/26/2025 16:27:46 PAGE 1   


C51 COMPILER V9.54, COMPILATION OF MODULE MAIN
OBJECT MODULE PLACED IN .\Objects\main.obj
COMPILER INVOKED BY: D:\keil\C51\BIN\C51.EXE main.c OPTIMIZE(8,SPEED) BROWSE DEBUG OBJECTEXTEND PRINT(.\Listings\main.ls
                    -t) TABS(2) OBJECT(.\Objects\main.obj)

line level    source

   1          #include <STC89C5xRC.H>
   2          #include <tntrins.h>
*** WARNING C318 IN LINE 2 OF main.c: can't open file 'tntrins.h'
   3          void Delay(unsigned int xms)  //@11.0592MHz
   4          {
   5   1        unsigned char data i, j;
   6   1      while (xms)
   7   1      {
   8   2        _nop_();
   9   2        _nop_();
  10   2        _nop_();
  11   2        i = 11;
  12   2        j = 190;
  13   2        do
  14   2        {
  15   3          while (--j);
  16   3        } while (--i);
  17   2          xms--;
  18   2      }
  19   1      }
  20          unsigned char Nixietable[]={0x3F,0x06,0x5B,0x4F,0x66,0x6D,0x7D,0x07,0x7F,0x6F};
  21          void Nixie(unsigned char location,unsigned char number)
  22          {
  23   1          switch(location)//段选
  24   1          {
  25   2              case 1:P24 = 1; P23 = 1; P22 = 1; break;
  26   2              case 2:P24 = 1; P23 = 1; P22 = 0; break;
  27   2              case 3:P24 = 1; P23 = 0; P22 = 1; break;
  28   2              case 4:P24 = 1; P23 = 0; P22 = 0; break;
  29   2              case 5:P24 = 0; P23 = 1; P22 = 1; break;
  30   2              case 6:P24 = 0; P23 = 1; P22 = 0; break;
  31   2              case 7:P24 = 0; P23 = 0; P22 = 1; break;
  32   2              case 8:P24 = 0; P23 = 0; P22 = 0; break;
  33   2      
  34   2      
  35   2          }
  36   1          P0 = Nixietable[number];//位选
  37   1          Delay(0.5);
  38   1          P0 = 0x00;//消影
  39   1          //P0 = 0x5B;
  40   1      }
  41          int main()
  42          {
  43   1          while(1)
  44   1          { 
  45   2          Nixie(1,2);
  46   2          //Delay(200);
  47   2          Nixie(2,3);
  48   2          //Delay(200);
  49   2          //Nixie(3,3);
  50   2          //Nixie(4,3);
  51   2          //Nixie(5,3);
  52   2           //Nixie(6,3);
  53   2          //Delay(200);
C51 COMPILER V9.54   MAIN                                                                  10/26/2025 16:27:46 PAGE 2   

  54   2          }
  55   1          
  56   1          
  57   1         
  58   1      }


MODULE INFORMATION:   STATIC OVERLAYABLE
   CODE SIZE        =    147    ----
   CONSTANT SIZE    =   ----    ----
   XDATA SIZE       =   ----    ----
   PDATA SIZE       =   ----    ----
   DATA SIZE        =     10    ----
   IDATA SIZE       =   ----    ----
   BIT SIZE         =   ----    ----
END OF MODULE INFORMATION.


C51 COMPILATION COMPLETE.  1 WARNING(S),  0 ERROR(S)
